Component: ARM Compiler 5.06 update 6 (build 750) Tool: armlink [4d35ed]

==============================================================================

Section Cross References

    w02s04d.o(i.Consume) refers to _printf_truncate.o(.text) for _printf_truncate_unsigned
    w02s04d.o(i.Consume) refers to _printf_percent.o(.ARM.Collect$$_printf_percent$$00000000) for _printf_percent
    w02s04d.o(i.Consume) refers to _printf_u.o(.ARM.Collect$$_printf_percent$$0000000A) for _printf_u
    w02s04d.o(i.Consume) refers to _printf_dec.o(.text) for _printf_int_dec
    w02s04d.o(i.Consume) refers to noretval__2printf.o(.text) for __2printf
    w02s04d.o(i.Produce) refers to _scanf_int.o(.text) for _scanf_int
    w02s04d.o(i.Produce) refers to noretval__2printf.o(.text) for __2printf
    w02s04d.o(i.Produce) refers to __0scanf.o(.text) for __0scanf
    w02s04d.o(i.Produce) refers to w02s04d.o(.data) for .data
    w02s04d.o(i.Produce) refers to w02s04d.o(.conststring) for .conststring
    w02s04d.o(i.Show) refers to _printf_truncate.o(.text) for _printf_truncate_unsigned
    w02s04d.o(i.Show) refers to _printf_percent.o(.ARM.Collect$$_printf_percent$$00000000) for _printf_percent
    w02s04d.o(i.Show) refers to _printf_u.o(.ARM.Collect$$_printf_percent$$0000000A) for _printf_u
    w02s04d.o(i.Show) refers to _printf_dec.o(.text) for _printf_int_dec
    w02s04d.o(i.Show) refers to noretval__2printf.o(.text) for __2printf
    w02s04d.o(i.main) refers to _scanf_int.o(.text) for _scanf_int
    w02s04d.o(i.main) refers to noretval__2printf.o(.text) for __2printf
    w02s04d.o(i.main) refers to __0scanf.o(.text) for __0scanf
    w02s04d.o(i.main) refers to w02s04d.o(i.Produce) for Produce
    w02s04d.o(i.main) refers to w02s04d.o(i.Consume) for Consume
    w02s04d.o(i.main) refers to w02s04d.o(i.Show) for Show
    retarget_io.o(i.ITM_ReceiveChar) refers to retarget_io.o(.data) for .data
    retarget_io.o(i._sys_open) refers to strcmpv7m.o(.text) for strcmp
    retarget_io.o(i._sys_read) refers to retarget_io.o(i.ITM_ReceiveChar) for ITM_ReceiveChar
    retarget_io.o(i._sys_write) refers to retarget_io.o(i.ITM_SendChar) for ITM_SendChar
    startup_armcm3.o(STACK) refers (Special) to heapauxi.o(.text) for __use_two_region_memory
    startup_armcm3.o(HEAP) refers (Special) to heapauxi.o(.text) for __use_two_region_memory
    startup_armcm3.o(RESET) refers (Special) to heapauxi.o(.text) for __use_two_region_memory
    startup_armcm3.o(RESET) refers to startup_armcm3.o(STACK) for __initial_sp
    startup_armcm3.o(RESET) refers to startup_armcm3.o(.text) for Reset_Handler
    startup_armcm3.o(.text) refers (Special) to heapauxi.o(.text) for __use_two_region_memory
    startup_armcm3.o(.text) refers to system_armcm3.o(i.SystemInit) for SystemInit
    startup_armcm3.o(.text) refers to __main.o(!!!main) for __main
    system_armcm3.o(i.SystemCoreClockUpdate) refers to system_armcm3.o(.data) for .data
    system_armcm3.o(i.SystemInit) refers to startup_armcm3.o(RESET) for __Vectors
    system_armcm3.o(i.SystemInit) refers to system_armcm3.o(.data) for .data
    __2printf.o(.text) refers to _printf_char_file.o(.text) for _printf_char_file
    __2printf.o(.text) refers to stdio_streams.o(.bss) for __stdout
    noretval__2printf.o(.text) refers to _printf_char_file.o(.text) for _printf_char_file
    noretval__2printf.o(.text) refers to stdio_streams.o(.bss) for __stdout
    __printf.o(.text) refers to _printf_percent.o(.ARM.Collect$$_printf_percent$$00000000) for _printf_percent
    _printf_dec.o(.text) refers (Weak) to _printf_truncate.o(.text) for _printf_truncate_signed
    _printf_dec.o(.text) refers (Weak) to _printf_truncate.o(.text) for _printf_truncate_unsigned
    _printf_dec.o(.text) refers to _printf_intcommon.o(.text) for _printf_int_common
    __printf_flags.o(.text) refers to _printf_percent.o(.ARM.Collect$$_printf_percent$$00000000) for _printf_percent
    __printf_flags.o(.text) refers to __printf_flags.o(.constdata) for .constdata
    __printf_ss.o(.text) refers to _printf_percent.o(.ARM.Collect$$_printf_percent$$00000000) for _printf_percent
    __printf_flags_ss.o(.text) refers to _printf_percent.o(.ARM.Collect$$_printf_percent$$00000000) for _printf_percent
    __printf_flags_ss.o(.text) refers to __printf_flags_ss.o(.constdata) for .constdata
    __printf_wp.o(.text) refers to __printf_wp.o(i._is_digit) for _is_digit
    __printf_wp.o(.text) refers to _printf_percent.o(.ARM.Collect$$_printf_percent$$00000000) for _printf_percent
    __printf_flags_wp.o(.text) refers to __printf_wp.o(i._is_digit) for _is_digit
    __printf_flags_wp.o(.text) refers to _printf_percent.o(.ARM.Collect$$_printf_percent$$00000000) for _printf_percent
    __printf_flags_wp.o(.text) refers to __printf_flags_wp.o(.constdata) for .constdata
    __printf_ss_wp.o(.text) refers to __printf_wp.o(i._is_digit) for _is_digit
[...]
    h1_alloc.o(.text) refers to rt_heap_descriptor_intlibspace.o(.text) for __rt_heap_descriptor
    h1_alloc.o(.text) refers to init_alloc.o(.text) for __Heap_Full
    h1_alloc_mt.o(.text) refers (Special) to h1_init.o(.text) for __Heap_Initialize
    h1_alloc_mt.o(.text) refers to init_alloc.o(.text) for __Heap_Full
    h1_alloc_mt.o(.text) refers to rt_heap_descriptor_intlibspace.o(.text) for __rt_heap_descriptor
    _printf_char_file_locked.o(.text) refers to _printf_char_common.o(.text) for _printf_char_common
    _printf_char_file_locked.o(.text) refers to fputc.o(i._fputc$unlocked) for _fputc$unlocked
    scanf_char_file_locked.o(.text) refers to scanf_char.o(.text) for __vfscanf_char
    scanf_char_file_locked.o(.text) refers to fgetc.o(i._fgetc$unlocked) for _fgetc$unlocked
    scanf_char_file_locked.o(.text) refers to backspace.o(.text) for ___backspace$unlocked
    fseek.o(.text) refers to retarget_io.o(i._sys_istty) for _sys_istty
    fseek.o(.text) refers to ftell.o(.text) for _ftell_internal
    fseek.o(.text) refers to retarget_io.o(i._sys_flen) for _sys_flen
    fseek.o(.text) refers to stdio.o(.text) for _seterr
    stdio.o(.text) refers to retarget_io.o(i._sys_seek) for _sys_seek
    stdio.o(.text) refers to retarget_io.o(i._sys_write) for _sys_write
    freadfast.o(.text) refers to filbuf.o(.text) for _readbuf
    freadfast.o(.text) refers to rt_memcpy_v6.o(.text) for __aeabi_memcpy
    fread_bytes_avail.o(.text) refers to filbuf.o(.text) for __filbuf_byte
    fread_bytes_avail.o(.text) refers to rt_memcpy_v6.o(.text) for __aeabi_memcpy
    fwritefast.o(.text) refers to stdio.o(.text) for _writebuf
    fwritefast.o(.text) refers to flsbuf.o(.text) for __flsbuf_byte
    fwritefast.o(.text) refers to rt_memcpy_v6.o(.text) for __aeabi_memcpy
    flushlinebuffered.o(.text) refers to fflush.o(.text) for _do_fflush
    flushlinebuffered.o(.text) refers to stdio_streams.o(.bss) for __stdin
    freadfast_locked.o(.text) refers to filbuf.o(.text) for _readbuf
    freadfast_locked.o(.text) refers to rt_memcpy_v6.o(.text) for __aeabi_memcpy
    fread_bytes_avail_locked.o(.text) refers to filbuf.o(.text) for __filbuf_byte
    fread_bytes_avail_locked.o(.text) refers to rt_memcpy_v6.o(.text) for __aeabi_memcpy
    fwritefast_locked.o(.text) refers to stdio.o(.text) for _writebuf
    fwritefast_locked.o(.text) refers to flsbuf.o(.text) for __flsbuf_byte
    fwritefast_locked.o(.text) refers to rt_memcpy_v6.o(.text) for __aeabi_memcpy
    flushlinebuffered_locked.o(.text) refers to fflush.o(.text) for _do_fflush
    flushlinebuffered_locked.o(.text) refers to streamlock.o(.data) for _stream_list_lock
    flushlinebuffered_locked.o(.text) refers to stdio_streams.o(.bss) for __stdin
    defsig_exit.o(.text) refers to sys_exit.o(.text) for _sys_exit
    defsig_rtred_inner.o(.text) refers to defsig_general.o(.text) for __default_signal_display
    assert_stdio.o(.text) refers to fputs.o(.text) for fputs
    assert_stdio.o(.text) refers to fflush.o(.text) for fflush
    assert_stdio.o(.text) refers to stdio_streams.o(.bss) for __stderr
    argv_veneer.o(.emb_text) refers to no_argv.o(.text) for __ARM_get_argv
    libinit3.o(.ARM.Collect$$libinit$$00000006) refers to libinit3.o(.ARM.Collect$$libinit$$00002717) for __lit__00000000
    libinit3.o(.ARM.Collect$$libinit$$00000006) refers (Weak) to init_alloc.o(.text) for _init_alloc
    libinit3.o(.ARM.Collect$$libinit$$00002717) refers to startup_armcm3.o(HEAP) for __heap_base
    libinit3.o(.ARM.Collect$$libinit$$00000028) refers to libinit3.o(.ARM.Collect$$libinit$$00002739) for __lit__00000002
    libinit3.o(.ARM.Collect$$libinit$$00000028) refers to argv_veneer.o(.emb_text) for __ARM_argv_veneer
    libinit3.o(.ARM.Collect$$libinit$$00002739) refers to startup_armcm3.o(HEAP) for __heap_base
    sys_exit.o(.text) refers (Special) to use_no_semi.o(.text) for __I$use$semihosting
    sys_exit.o(.text) refers (Special) to indicate_semi.o(.text) for __semihosting_library_function
    rtexit2.o(.ARM.Collect$$rtexit$$00000003) refers to libshutdown.o(.ARM.Collect$$libshutdown$$00000000) for __rt_lib_shutdown
    rtexit2.o(.ARM.Collect$$rtexit$$00000004) refers to sys_exit.o(.text) for _sys_exit
    rtexit2.o(.ARM.exidx) refers to rtexit2.o(.ARM.Collect$$rtexit$$00000001) for .ARM.Collect$$rtexit$$00000001
    rtexit2.o(.ARM.exidx) refers to rtexit2.o(.ARM.Collect$$rtexit$$00000003) for .ARM.Collect$$rtexit$$00000003
    rtexit2.o(.ARM.exidx) refers to rtexit2.o(.ARM.Collect$$rtexit$$00000004) for .ARM.Collect$$rtexit$$00000004
    rt_locale.o(.text) refers to rt_locale.o(.bss) for __rt_locale_data
    rt_locale_intlibspace.o(.text) refers to libspace.o(.bss) for __libspace_start
    maybetermalloc2.o(.emb_text) refers (Special) to term_alloc.o(.text) for _terminate_alloc
    h1_extend.o(.text) refers to h1_free.o(.text) for free
    h1_init_mt.o(.text) refers to mutex_dummy.o(.text) for _mutex_initialize
    h1_extend_mt.o(.text) refers to h1_free_mt.o(.text) for _free_internal
    fflush.o(.text) refers to stdio.o(.text) for _fflush
    fflush.o(.text) refers to fseek.o(.text) for _fseek
    fflush.o(.text) refers to stdio_streams.o(.bss) for __stdin
    fputs.o(.text) refers to fputc.o(i.fputc) for fputc
    ftell.o(.text) refers to rt_errno_addr_intlibspace.o(.text) for __aeabi_errno_addr
    fflush_locked.o(.text) refers to stdio.o(.text) for _fflush
    fflush_locked.o(.text) refers to fseek.o(.text) for _fseek
    fflush_locked.o(.text) refers to fflush.o(.text) for _do_fflush
    fflush_locked.o(.text) refers to streamlock.o(.data) for _stream_list_lock
    fflush_locked.o(.text) refers to stdio_streams.o(.bss) for __stdin
    lc_ctype_c.o(locale$$data) refers (Special) to libinit2.o(.ARM.Collect$$libinit$$00000012) for __rt_lib_init_lc_ctype_2
    lc_ctype_c.o(locale$$code) refers (Special) to libinit2.o(.ARM.Collect$$libinit$$00000012) for __rt_lib_init_lc_ctype_2
    lc_ctype_c.o(locale$$code) refers to strcmpv7m.o(.text) for strcmp
    lc_ctype_c.o(locale$$code) refers to lc_ctype_c.o(locale$$data) for __lcctype_c_name
    __raise.o(.text) refers to defsig.o(CL$$defsig) for __default_signal_handler
    defsig_general.o(.text) refers to sys_wrch.o(.text) for _ttywrch
    defsig_rtmem_outer.o(.text) refers to defsig_rtmem_inner.o(.text) for __rt_SIGRTMEM_inner
    defsig_rtmem_outer.o(.text) refers to defsig_exit.o(.text) for __sig_exit
    defsig_rtmem_formal.o(.text) refers to rt_raise.o(.text) for __rt_raise
    rt_memcpy_v6.o(.text) refers to rt_memcpy_w.o(.text) for __aeabi_memcpy4
    heapauxa.o(.text) refers to heapauxa.o(.data) for .data
    _get_argv.o(.text) refers (Special) to hrguard.o(.text) for __heap_region$guard
    _get_argv.o(.text) refers to h1_alloc.o(.text) for malloc
    _get_argv.o(.text) refers to defsig_rtmem_outer.o(.text) for __rt_SIGRTMEM
    _get_argv.o(.text) refers to sys_command.o(.text) for _sys_command_string
    _get_argv_nomalloc.o(.text) refers (Special) to hrguard.o(.text) for __heap_region$guard
    _get_argv_nomalloc.o(.text) refers to defsig_rtmem_outer.o(.text) for __rt_SIGRTMEM
    _get_argv_nomalloc.o(.text) refers to sys_command.o(.text) for _sys_command_string
    sys_wrch.o(.text) refers (Special) to use_no_semi.o(.text) for __I$use$semihosting
    sys_wrch.o(.text) refers (Special) to indicate_semi.o(.text) for __semihosting_library_function
    sys_command.o(.text) refers (Special) to use_no_semi.o(.text) for __I$use$semihosting
    sys_command.o(.text) refers (Special) to indicate_semi.o(.text) for __semihosting_library_function
    rt_errno_addr.o(.text) refers to rt_errno_addr.o(.bss) for __aeabi_errno_addr_data
    rt_errno_addr_intlibspace.o(.text) refers to libspace.o(.bss) for __libspace_start
    term_alloc.o(.text) refers (Special) to libshutdown2.o(.ARM.Collect$$libshutdown$$0000000E) for __rt_lib_shutdown_heap_2
    term_alloc.o(.text) refers to rt_heap_descriptor_intlibspace.o(.text) for __rt_heap_descriptor
    term_alloc.o(.text) refers to h1_final.o(.text) for __Heap_Finalize
    defsig_rtmem_inner.o(.text) refers to defsig_general.o(.text) for __default_signal_display
    defsig.o(CL$$defsig) refers to defsig_rtred_inner.o(.text) for __rt_SIGRTRED_inner
    defsig.o(CL$$defsig) refers to defsig_rtmem_inner.o(.text) for __rt_SIGRTMEM_inner
    libshutdown.o(.ARM.Collect$$libshutdown$$00000000) refers (Special) to libshutdown2.o(.ARM.Collect$$libshutdown$$00000002) for __rt_lib_shutdown_cpp_1
    libshutdown.o(.ARM.Collect$$libshutdown$$00000000) refers (Special) to libshutdown2.o(.ARM.Collect$$libshutdown$$00000007) for __rt_lib_shutdown_fp_trap_1
    libshutdown.o(.ARM.Collect$$libshutdown$$00000000) refers (Special) to libshutdown2.o(.ARM.Collect$$libshutdown$$0000000F) for __rt_lib_shutdown_heap_1
    libshutdown.o(.ARM.Collect$$libshutdown$$00000000) refers (Special) to libshutdown2.o(.ARM.Collect$$libshutdown$$00000010) for __rt_lib_shutdown_return
    libshutdown.o(.ARM.Collect$$libshutdown$$00000000) refers (Special) to libshutdown2.o(.ARM.Collect$$libshutdown$$0000000A) for __rt_lib_shutdown_signal_1
    libshutdown.o(.ARM.Collect$$libshutdown$$00000000) refers (Special) to libshutdown2.o(.ARM.Collect$$libshutdown$$00000004) for __rt_lib_shutdown_stdio_1
    libshutdown.o(.ARM.Collect$$libshutdown$$00000000) refers (Special) to libshutdown2.o(.ARM.Collect$$libshutdown$$0000000C) for __rt_lib_shutdown_user_alloc_1
    defsig_abrt_inner.o(.text) refers to defsig_general.o(.text) for __default_signal_display
    defsig_fpe_inner.o(.text) refers to defsig_general.o(.text) for __default_signal_display
    defsig_stak_inner.o(.text) refers to defsig_general.o(.text) for __default_signal_display
    defsig_pvfn_inner.o(.text) refers to defsig_general.o(.text) for __default_signal_display
    defsig_cppl_inner.o(.text) refers to defsig_general.o(.text) for __default_signal_display
    defsig_segv_inner.o(.text) refers to defsig_general.o(.text) for __default_signal_display
    defsig_other.o(.text) refers to defsig_general.o(.text) for __default_signal_display


==============================================================================

Removing Unused input sections from the image.

    Removing system_armcm3.o(.rev16_text), (4 bytes).
    Removing system_armcm3.o(.revsh_text), (4 bytes).
    Removing system_armcm3.o(.rrx_text), (6 bytes).
    Removing system_armcm3.o(i.SystemCoreClockUpdate), (16 bytes).

4 unused section(s) (total 30 bytes) removed from the image.

==============================================================================

Image Symbol Table

    Local Symbols

    Symbol Name                              Value     Ov Type        Size  Object(Section)

    RESET                                    0x00000000   Section      960  startup_armcm3.o(RESET)
    ../clib/angel/boardlib.s                 0x00000000   Number         0  boardinit3.o ABSOLUTE
    ../clib/angel/boardlib.s                 0x00000000   Number         0  boardshut.o ABSOLUTE
    ../clib/angel/boardlib.s                 0x00000000   Number         0  boardinit2.o ABSOLUTE
    ../clib/angel/boardlib.s                 0x00000000   Number         0  boardinit1.o ABSOLUTE
    ../clib/angel/handlers.s                 0x00000000   Number         0  __scatter_copy.o ABSOLUTE
    ../clib/angel/handlers.s                 0x00000000   Number         0  __scatter_zi.o ABSOLUTE
    ../clib/angel/kernel.s                   0x00000000   Number         0  __rtentry2.o ABSOLUTE
    ../clib/angel/kernel.s                   0x00000000   Number         0  __rtentry.o ABSOLUTE
    ../clib/angel/kernel.s                   0x00000000   Number         0  rtexit.o ABSOLUTE
    ../clib/angel/kernel.s                   0x00000000   Number         0  rtexit2.o ABSOLUTE
    ../clib/angel/kernel.s                   0x00000000   Number         0  __rtentry5.o ABSOLUTE
    ../clib/angel/kernel.s                   0x00000000   Number         0  __rtentry4.o ABSOLUTE
    ../clib/angel/rt.s                       0x00000000   Number         0  rt_ctype_table.o ABSOLUTE
    ../clib/angel/rt.s                       0x00000000   Number         0  rt_heap_descriptor.o ABSOLUTE
    ../clib/angel/rt.s                       0x00000000   Number         0  rt_errno_addr_intlibspace.o ABSOLUTE
    ../clib/angel/rt.s                       0x00000000   Number         0  rt_errno_addr.o ABSOLUTE
    ../clib/angel/rt.s                       0x00000000   Number         0  rt_heap_descriptor_intlibspace.o ABSOLUTE
    ../clib/angel/rt.s                       0x00000000   Number         0  rt_locale_intlibspace.o ABSOLUTE
    ../clib/angel/rt.s                       0x00000000   Number         0  rt_locale.o ABSOLUTE
    ../clib/angel/rt.s                       0x00000000   Number         0  rt_raise.o ABSOLUTE
    ../clib/angel/scatter.s                  0x00000000   Number         0  __scatter.o ABSOLUTE
    ../clib/angel/startup.s                  0x00000000   Number         0  __main.o ABSOLUTE
    ../clib/angel/sys.s                      0x00000000   Number         0  libspace.o ABSOLUTE
    ../clib/angel/sys.s                      0x00000000   Number         0  sys_stackheap.o ABSOLUTE
    ../clib/angel/sys.s                      0x00000000   Number         0  sys_stackheap_outer.o ABSOLUTE
    ../clib/angel/sys.s                      0x00000000   Number         0  indicate_semi.o ABSOLUTE
    ../clib/angel/sys.s                      0x00000000   Number         0  use_no_semi.o ABSOLUTE
    ../clib/angel/sys.s                      0x00000000   Number         0  mutex_dummy.o ABSOLUTE
    ../clib/angel/sysapp.c                   0x00000000   Number         0  sys_command.o ABSOLUTE
    ../clib/angel/sysapp.c                   0x00000000   Number         0  sys_wrch.o ABSOLUTE
    ../clib/angel/sysapp.c                   0x00000000   Number         0  sys_exit.o ABSOLUTE
    ../clib/armsys.c                         0x00000000   Number         0  argv_veneer.o ABSOLUTE
    ../clib/armsys.c                         0x00000000   Number         0  argv_veneer.o ABSOLUTE
    ../clib/armsys.c                         0x00000000   Number         0  no_argv.o ABSOLUTE
    ../clib/armsys.c                         0x00000000   Number         0  _get_argv_nomalloc.o ABSOLUTE
    ../clib/armsys.c                         0x00000000   Number         0  _get_argv.o ABSOLUTE
    ../clib/assert.c                         0x00000000   Number         0  assert_stdio.o ABSOLUTE
    ../clib/ctype.c                          0x00000000   Number         0  isspace.o ABSOLUTE
    ../clib/heap1.c                          0x00000000   Number         0  h1_final_mt.o ABSOLUTE
    ../clib/heap1.c                          0x00000000   Number         0  h1_final.o ABSOLUTE
    ../clib/heap1.c                          0x00000000   Number         0  h1_extend_mt.o ABSOLUTE
    ../clib/heap1.c                          0x00000000   Number         0  h1_init.o ABSOLUTE
    ../clib/heap1.c                          0x00000000   Number         0  h1_extend.o ABSOLUTE
    ../clib/heap1.c                          0x00000000   Number         0  h1_free.o ABSOLUTE
    ../clib/heap1.c                          0x00000000   Number         0  h1_init_mt.o ABSOLUTE
    ../clib/heap1.c                          0x00000000   Number         0  h1_free_mt.o ABSOLUTE
    ../clib/heap1.c                          0x00000000   Number         0  h1_alloc.o ABSOLUTE
    ../clib/heap1.c                          0x00000000   Number         0  h1_alloc_mt.o ABSOLUTE
    ../clib/heap2.c                          0x00000000   Number         0  heap2mt.o ABSOLUTE
    ../clib/heap2.c                          0x00000000   Number         0  fdtree.o ABSOLUTE
    ../clib/heap2.c                          0x00000000   Number         0  heap2.o ABSOLUTE
    ../clib/heapalloc.c                      0x00000000   Number         0  free.o ABSOLUTE
    ../clib/heapalloc.c                      0x00000000   Number         0  maybetermalloc2.o ABSOLUTE
    ../clib/heapalloc.c                      0x00000000   Number         0  maybetermalloc2.o ABSOLUTE
    ../clib/heapalloc.c                      0x00000000   Number         0  term_alloc.o ABSOLUTE
    ../clib/heapalloc.c                      0x00000000   Number         0  hrguard.o ABSOLUTE
    ../clib/heapalloc.c                      0x00000000   Number         0  hguard.o ABSOLUTE
    ../clib/heapalloc.c                      0x00000000   Number         0  heapstubs.o ABSOLUTE
    ../clib/heapalloc.c                      0x00000000   Number         0  malloc.o ABSOLUTE
    ../clib/heapalloc.c                      0x00000000   Number         0  init_alloc.o ABSOLUTE
    ../clib/heapalloc.c                      0x00000000   Number         0  maybetermalloc1.o ABSOLUTE
    ../clib/heapalloc.c                      0x00000000   Number         0  maybetermalloc1.o ABSOLUTE
    ../clib/heapaux.c                        0x00000000   Number         0  heapauxi.o ABSOLUTE
    ../clib/heapaux.c                        0x00000000   Number         0  heapauxa.o ABSOLUTE
    ../clib/libinit.s                        0x00000000   Number         0  libinit2.o ABSOLUTE
    ../clib/libinit.s                        0x00000000   Number         0  libinit.o ABSOLUTE
    ../clib/libinit.s                        0x00000000   Number         0  libshutdown.o ABSOLUTE
    ../clib/libinit.s                        0x00000000   Number         0  libshutdown2.o ABSOLUTE
    ../clib/libinit.s                        0x00000000   Number         0  libinit3.o ABSOLUTE
    ../clib/locale.s                         0x00000000   Number         0  lc_ctype_c.o ABSOLUTE
    ../clib/memcpset.s                       0x00000000   Number         0  rt_memclr_w.o ABSOLUTE
    ../clib/memcpset.s                       0x00000000   Number         0  strcmpv7m.o ABSOLUTE
    ../clib/memcpset.s                       0x00000000   Number         0  rt_memcpy_w.o ABSOLUTE
    ../clib/memcpset.s                       0x00000000   Number         0  rt_memcpy_v6.o ABSOLUTE
    ../clib/misc.s                           0x00000000   Number         0  printf_stubs.o ABSOLUTE
    ../clib/printf.c                         0x00000000   Number         0  __printf_flags_ss.o ABSOLUTE
    ../clib/printf.c                         0x00000000   Number         0  __printf_wp.o ABSOLUTE
    ../clib/printf.c                         0x00000000   Number         0  __printf_flags_wp.o ABSOLUTE
    ../clib/printf.c                         0x00000000   Number         0  __printf_ss_wp.o ABSOLUTE
    ../clib/printf.c                         0x00000000   Number         0  __printf_flags_ss_wp.o ABSOLUTE
    ../clib/printf.c                         0x00000000   Number         0  _printf_truncate.o ABSOLUTE
    ../clib/printf.c                         0x00000000   Number         0  __printf.o ABSOLUTE
    ../clib/printf.c                         0x00000000   Number         0  noretval__2printf.o ABSOLUTE
    ../clib/printf.c                         0x00000000   Number         0  _printf_char_file.o ABSOLUTE
    ../clib/printf.c                         0x00000000   Number         0  _printf_intcommon.o ABSOLUTE
    ../clib/printf.c                         0x00000000   Number         0  _printf_char_file_locked.o ABSOLUTE
    ../clib/printf.c                         0x00000000   Number         0  __2printf.o ABSOLUTE
    ../clib/printf.c                         0x00000000   Number         0  __printf_flags.o ABSOLUTE
    ../clib/printf.c                         0x00000000   Number         0  __printf_ss.o ABSOLUTE
    ../clib/printf.c                         0x00000000   Number         0  _printf_char_common.o ABSOLUTE
    ../clib/printf.c                         0x00000000   Number         0  __printf_nopercent.o ABSOLUTE
    ../clib/printf.c                         0x00000000   Number         0  _printf_dec.o ABSOLUTE
    ../clib/printf_percent.s                 0x00000000   Number         0  _printf_u.o ABSOLUTE
    ../clib/printf_percent.s                 0x00000000   Number         0  _printf_percent_end.o ABSOLUTE
    ../clib/printf_percent.s                 0x00000000   Number         0  _printf_percent.o ABSOLUTE
    ../clib/scanf.c                          0x00000000   Number         0  scanf_char_file_locked.o ABSOLUTE
    ../clib/scanf.c                          0x00000000   Number         0  scanf_char_file.o ABSOLUTE
    ../clib/scanf.c                          0x00000000   Number         0  _chval.o ABSOLUTE
    ../clib/scanf.c                          0x00000000   Number         0  __0scanf.o ABSOLUTE
    ../clib/scanf.c                          0x00000000   Number         0  _scanf_int.o ABSOLUTE
    ../clib/scanf.c                          0x00000000   Number         0  scanf_char.o ABSOLUTE
    ../clib/scanf.c                          0x00000000   Number         0  _scanf.o ABSOLUTE
    ../clib/signal.c                         0x00000000   Number         0  defsig_stak_inner.o ABSOLUTE
    ../clib/signal.c                         0x00000000   Number         0  defsig_fpe_inner.o ABSOLUTE
    ../clib/signal.c                         0x00000000   Number         0  defsig_abrt_inner.o ABSOLUTE
    ../clib/signal.c                         0x00000000   Number         0  defsig_pvfn_inner.o ABSOLUTE
    ../clib/signal.c                         0x00000000   Number         0  defsig_rtred_inner.o ABSOLUTE
    ../clib/signal.c                         0x00000000   Number         0  __raise.o ABSOLUTE
    ../clib/signal.c                         0x00000000   Number         0  defsig_rtred_outer.o ABSOLUTE
    ../clib/signal.c                         0x00000000   Number         0  defsig_exit.o ABSOLUTE
    ../clib/signal.c                         0x00000000   Number         0  defsig_rtred_formal.o ABSOLUTE
    ../clib/signal.c                         0x00000000   Number         0  defsig_general.o ABSOLUTE
    ../clib/signal.c                         0x00000000   Number         0  defsig_rtmem_outer.o ABSOLUTE
    ../clib/signal.c                         0x00000000   Number         0  defsig_rtmem_formal.o ABSOLUTE
    ../clib/signal.c                         0x00000000   Number         0  defsig_rtmem_inner.o ABSOLUTE
    ../clib/signal.c                         0x00000000   Number         0  defsig_cppl_inner.o ABSOLUTE
    ../clib/signal.c                         0x00000000   Number         0  defsig_segv_inner.o ABSOLUTE
    ../clib/signal.c                         0x00000000   Number         0  defsig_other.o ABSOLUTE
    ../clib/signal.s                         0x00000000   Number         0  defsig.o ABSOLUTE
    ../clib/stdio.c                          0x00000000   Number         0  fread_bytes_avail.o ABSOLUTE
    ../clib/stdio.c                          0x00000000   Number         0  freadfast.o ABSOLUTE
    ../clib/stdio.c                          0x00000000   Number         0  backspace.o ABSOLUTE
    ../clib/stdio.c                          0x00000000   Number         0  stdio.o ABSOLUTE
    ../clib/stdio.c                          0x00000000   Number         0  fwritefast.o ABSOLUTE
    ../clib/stdio.c                          0x00000000   Number         0  flushlinebuffered.o ABSOLUTE
    ../clib/stdio.c                          0x00000000   Number         0  freadfast_locked.o ABSOLUTE
    ../clib/stdio.c                          0x00000000   Number         0  fread_bytes_avail_locked.o ABSOLUTE
    ../clib/stdio.c                          0x00000000   Number         0  fputc.o ABSOLUTE
    ../clib/stdio.c                          0x00000000   Number         0  fwritefast_locked.o ABSOLUTE
    ../clib/stdio.c                          0x00000000   Number         0  filbuf.o ABSOLUTE
    ../clib/stdio.c                          0x00000000   Number         0  flushlinebuffered_locked.o ABSOLUTE
    ../clib/stdio.c                          0x00000000   Number         0  flsbuf.o ABSOLUTE
    ../clib/stdio.c                          0x00000000   Number         0  setvbuf.o ABSOLUTE
    ../clib/stdio.c                          0x00000000   Number         0  ungetc.o ABSOLUTE
    ../clib/stdio.c                          0x00000000   Number         0  backspace_locked.o ABSOLUTE
    ../clib/stdio.c                          0x00000000   Number         0  fopen.o ABSOLUTE
    ../clib/stdio.c                          0x00000000   Number         0  ftell.o ABSOLUTE
    ../clib/stdio.c                          0x00000000   Number         0  fclose.o ABSOLUTE
    ../clib/stdio.c                          0x00000000   Number         0  fputs_locked.o ABSOLUTE
    ../clib/stdio.c                          0x00000000   Number         0  setvbuf_locked.o ABSOLUTE
    ../clib/stdio.c                          0x00000000   Number         0  fopen_locked.o ABSOLUTE
    ../clib/stdio.c                          0x00000000   Number         0  fputs.o ABSOLUTE
    ../clib/stdio.c                          0x00000000   Number         0  fseek.o ABSOLUTE
    ../clib/stdio.c                          0x00000000   Number         0  fflush_locked.o ABSOLUTE
    ../clib/stdio.c                          0x00000000   Number         0  initio.o ABSOLUTE
    ../clib/stdio.c                          0x00000000   Number         0  fgetc.o ABSOLUTE
    ../clib/stdio.c                          0x00000000   Number         0  fgetc_locked.o ABSOLUTE
    ../clib/stdio.c                          0x00000000   Number         0  fputc_locked.o ABSOLUTE
    ../clib/stdio.c                          0x00000000   Number         0  fflush.o ABSOLUTE
    ../clib/stdio.c                          0x00000000   Number         0  ferror_locked.o ABSOLUTE
    ../clib/stdio.c                          0x00000000   Number         0  initio_locked.o ABSOLUTE
    ../clib/stdio.c                          0x00000000   Number         0  stdio_streams.o ABSOLUTE
    ../clib/stdio.c                          0x00000000   Number         0  ferror.o ABSOLUTE
    ../clib/stdio.c                          0x00000000   Number         0  streamlock.o ABSOLUTE
    ../clib/stdlib.c                         0x00000000   Number         0  exit.o ABSOLUTE
    ../clib/wchar.c                          0x00000000   Number         0  flsbuf_fwide.o ABSOLUTE
    ../clib/wchar.c                          0x00000000   Number         0  filbuf_fwide.o ABSOLUTE
    ../fplib/fpinit.s                        0x00000000   Number         0  fpinit.o ABSOLUTE
    C:\Users\kbria\AppData\Local\Arm\Packs\Keil\ARM_Compiler\1.6.1\Source\retarget_io.c 0x00000000   Number         0  retarget_io.o ABSOLUTE
    RTE\Device\ARMCM3\startup_ARMCM3.s       0x00000000   Number         0  startup_armcm3.o ABSOLUTE
    RTE\Device\ARMCM3\system_ARMCM3.c        0x00000000   Number         0  system_armcm3.o ABSOLUTE
    RTE\\Device\\ARMCM3\\system_ARMCM3.c     0x00000000   Number         0  system_armcm3.o ABSOLUTE
    dc.s                                     0x00000000   Number         0  dc.o ABSOLUTE
    w02s04d.c                                0x00000000   Number         0  w02s04d.o ABSOLUTE
    !!!main                                  0x000003c0   Section        8  __main.o(!!!main)
    !!!scatter                               0x000003c8   Section       52  __scatter.o(!!!scatter)
    !!handler_copy                           0x000003fc   Section       26  __scatter_copy.o(!!handler_copy)
    !!handler_zi                             0x00000418   Section       28  __scatter_zi.o(!!handler_zi)
    .ARM.Collect$$_printf_percent$$00000000  0x00000434   Section        0  _printf_percent.o(.ARM.Collect$$_printf_percent$$00000000)
    .ARM.Collect$$_printf_percent$$0000000A  0x00000434   Section        6  _printf_u.o(.ARM.Collect$$_printf_percent$$0000000A)
    .ARM.Collect$$_printf_percent$$00000017  0x0000043a   Section        4  _printf_percent_end.o(.ARM.Collect$$_printf_percent$$00000017)
    .ARM.Collect$$libinit$$00000000          0x0000043e   Section        2  libinit.o(.ARM.Collect$$libinit$$00000000)
    .ARM.Collect$$libinit$$00000002          0x00000440   Section        0  libinit2.o(.ARM.Collect$$libinit$$00000002)
    .ARM.Collect$$libinit$$00000004          0x00000440   Section        0  libinit2.o(.ARM.Collect$$libinit$$00000004)
    .ARM.Collect$$libinit$$00000006          0x00000440   Section        8  libinit3.o(.ARM.Collect$$libinit$$00000006)
    .ARM.Collect$$libinit$$0000000A          0x00000448   Section        0  libinit2.o(.ARM.Collect$$libinit$$0000000A)
    .ARM.Collect$$libinit$$0000000C          0x00000448   Section        0  libinit2.o(.ARM.Collect$$libinit$$0000000C)
    .ARM.Collect$$libinit$$0000000E          0x00000448   Section        0  libinit2.o(.ARM.Collect$$libinit$$0000000E)
    .ARM.Collect$$libinit$$0000000F          0x00000448   Section        6  libinit2.o(.ARM.Collect$$libinit$$0000000F)
    .ARM.Collect$$libinit$$00000011          0x0000044e   Section        0  libinit2.o(.ARM.Collect$$libinit$$00000011)
    .ARM.Collect$$libinit$$00000012          0x0000044e   Section       12  libinit2.o(.ARM.Collect$$libinit$$00000012)
    .ARM.Collect$$libinit$$00000013          0x0000045a   Section        0  libinit2.o(.ARM.Collect$$libinit$$00000013)
    .ARM.Collect$$libinit$$00000015          0x0000045a   Section        0  libinit2.o(.ARM.Collect$$libinit$$00000015)
    .ARM.Collect$$libinit$$00000017          0x0000045a   Section        0  libinit2.o(.ARM.Collect$$libinit$$00000017)
    .ARM.Collect$$libinit$$00000019          0x0000045a   Section        0  libinit2.o(.ARM.Collect$$libinit$$00000019)
    .ARM.Collect$$libinit$$0000001B          0x0000045a   Section        0  libinit2.o(.ARM.Collect$$libinit$$0000001B)
    .ARM.Collect$$libinit$$0000001D          0x0000045a   Section        0  libinit2.o(.ARM.Collect$$libinit$$0000001D)
    .ARM.Collect$$libinit$$0000001F          0x0000045a   Section        0  libinit2.o(.ARM.Collect$$libinit$$0000001F)
    .ARM.Collect$$libinit$$00000021          0x0000045a   Section        0  libinit2.o(.ARM.Collect$$libinit$$00000021)
    .ARM.Collect$$libinit$$00000023          0x0000045a   Section        0  libinit2.o(.ARM.Collect$$libinit$$00000023)
    .ARM.Collect$$libinit$$00000024          0x0000045a   Section        4  libinit2.o(.ARM.Collect$$libinit$$00000024)
    .ARM.Collect$$libinit$$00000025          0x0000045e   Section        0  libinit2.o(.ARM.Collect$$libinit$$00000025)
    .ARM.Collect$$libinit$$0000002C          0x0000045e   Section        0  libinit2.o(.ARM.Collect$$libinit$$0000002C)
    .ARM.Collect$$libinit$$0000002E          0x0000045e   Section        0  libinit2.o(.ARM.Collect$$libinit$$0000002E)
    .ARM.Collect$$libinit$$00000030          0x0000045e   Section        0  libinit2.o(.ARM.Collect$$libinit$$00000030)
    .ARM.Collect$$libinit$$00000032          0x0000045e   Section        0  libinit2.o(.ARM.Collect$$libinit$$00000032)
    .ARM.Collect$$libinit$$00000033          0x0000045e   Section        2  libinit2.o(.ARM.Collect$$libinit$$00000033)
    .ARM.Collect$$libinit$$00002717          0x00000460   Section        8  libinit3.o(.ARM.Collect$$libinit$$00002717)
    __lit__00000000                          0x00000460   Data           4  libinit3.o(.ARM.Collect$$libinit$$00002717)
    __lit__00000001                          0x00000464   Data           4  libinit3.o(.ARM.Collect$$libinit$$00002717)
    .ARM.Collect$$libshutdown$$00000000      0x00000468   Section        2  libshutdown.o(.ARM.Collect$$libshutdown$$00000000)
    .ARM.Collect$$libshutdown$$00000002      0x0000046a   Section        0  libshutdown2.o(.ARM.Collect$$libshutdown$$00000002)
    .ARM.Collect$$libshutdown$$00000003      0x0000046a   Section        4  libshutdown2.o(.ARM.Collect$$libshutdown$$00000003)
    .ARM.Collect$$libshutdown$$00000004      0x0000046e   Section        0  libshutdown2.o(.ARM.Collect$$libshutdown$$00000004)
    .ARM.Collect$$libshutdown$$00000007      0x0000046e   Section        0  libshutdown2.o(.ARM.Collect$$libshutdown$$00000007)
    .ARM.Collect$$libshutdown$$0000000A      0x0000046e   Section        0  libshutdown2.o(.ARM.Collect$$libshutdown$$0000000A)
    .ARM.Collect$$libshutdown$$0000000C      0x0000046e   Section        0  libshutdown2.o(.ARM.Collect$$libshutdown$$0000000C)
    .ARM.Collect$$libshutdown$$0000000F      0x0000046e   Section        0  libshutdown2.o(.ARM.Collect$$libshutdown$$0000000F)
    .ARM.Collect$$libshutdown$$00000010      0x0000046e   Section        2  libshutdown2.o(.ARM.Collect$$libshutdown$$00000010)
    .ARM.Collect$$rtentry$$00000000          0x00000470   Section        0  __rtentry.o(.ARM.Collect$$rtentry$$00000000)
    .ARM.Collect$$rtentry$$00000002          0x00000470   Section        0  __rtentry2.o(.ARM.Collect$$rtentry$$00000002)
    .ARM.Collect$$rtentry$$00000005          0x00000470   Section        4  __rtentry5.o(.ARM.Collect$$rtentry$$00000005)
    .ARM.Collect$$rtentry$$00000009          0x00000474   Section        0  __rtentry2.o(.ARM.Collect$$rtentry$$00000009)
    .ARM.Collect$$rtentry$$0000000A          0x00000474   Section        4  __rtentry2.o(.ARM.Collect$$rtentry$$0000000A)
    .ARM.Collect$$rtentry$$0000000C          0x00000478   Section        0  __rtentry2.o(.ARM.Collect$$rtentry$$0000000C)
    .ARM.Collect$$rtentry$$0000000D          0x00000478   Section        8  __rtentry2.o(.ARM.Collect$$rtentry$$0000000D)
    .ARM.Collect$$rtentry$$00002716          0x00000480   Section        4  __rtentry5.o(.ARM.Collect$$rtentry$$00002716)
    __lit__00000000                          0x00000480   Data           4  __rtentry5.o(.ARM.Collect$$rtentry$$00002716)
    .ARM.Collect$$rtexit$$00000000           0x00000484   Section        2  rtexit.o(.ARM.Collect$$rtexit$$00000000)
    .ARM.Collect$$rtexit$$00000002           0x00000486   Section        0  rtexit2.o(.ARM.Collect$$rtexit$$00000002)
    .ARM.Collect$$rtexit$$00000003           0x00000486   Section        4  rtexit2.o(.ARM.Collect$$rtexit$$00000003)
    .ARM.Collect$$rtexit$$00000004           0x0000048a   Section        6  rtexit2.o(.ARM.Collect$$rtexit$$00000004)
    .emb_text                                0x00000490   Section        0  maybetermalloc1.o(.emb_text)
    .text                                    0x00000490   Section       56  startup_armcm3.o(.text)
    .text                                    0x000004c8   Section        0  noretval__2printf.o(.text)
    .text                                    0x000004e0   Section        0  _printf_truncate.o(.text)
    .text                                    0x00000504   Section        0  _printf_dec.o(.text)
    .text                                    0x0000057c   Section        0  __printf_ss.o(.text)
    .text                                    0x00000634   Section        0  __0scanf.o(.text)
    .text                                    0x00000654   Section        0  _scanf_int.o(.text)
    .text                                    0x000007a0   Section      128  strcmpv7m.o(.text)
    .text                                    0x00000820   Section        0  heapauxi.o(.text)
    .text                                    0x00000826   Section        0  _printf_intcommon.o(.text)
    .text                                    0x000008d8   Section        0  _printf_char_file.o(.text)
    .text                                    0x000008fc   Section        0  _chval.o(.text)
    .text                                    0x00000918   Section        0  scanf_char_file.o(.text)
    .text                                    0x00000930   Section        0  _printf_char_common.o(.text)
    _printf_input_char                       0x00000931   Thumb Code    10  _printf_char_common.o(.text)
    .text                                    0x00000960   Section        0  scanf_char.o(.text)
    _scanf_char_input                        0x00000961   Thumb Code    12  scanf_char.o(.text)
    .text                                    0x0000098c   Section        0  backspace.o(.text)
    .text                                    0x000009d4   Section        0  ferror.o(.text)
    .text                                    0x000009dc   Section        0  initio.o(.text)
    .text                                    0x00000b14   Section        0  h1_free.o(.text)
    .text                                    0x00000b62   Section        0  isspace.o(.text)
    .text                                    0x00000b74   Section        0  _scanf.o(.text)
    .text                                    0x00000ee8   Section        0  filbuf.o(.text)
    .text                                    0x00001122   Section        0  flsbuf.o(.text)
    .text                                    0x000012f8   Section        0  setvbuf.o(.text)
    .text                                    0x00001340   Section        0  ungetc.o(.text)
    .text                                    0x00001388   Section        0  fopen.o(.text)
    _freopen_locked                          0x00001389   Thumb Code     0  fopen.o(.text)
    .text                                    0x00001474   Section        0  fclose.o(.text)
    .text                                    0x000014c0   Section        0  exit.o(.text)
    .text                                    0x000014d2   Section        0  defsig_rtred_outer.o(.text)
    .text                                    0x000014e0   Section       78  rt_memclr_w.o(.text)
    .text                                    0x00001530   Section       16  rt_ctype_table.o(.text)
    .text                                    0x00001540   Section        8  rt_heap_descriptor_intlibspace.o(.text)
    .text                                    0x00001548   Section        0  hguard.o(.text)
    .text                                    0x0000154c   Section        0  init_alloc.o(.text)
    .text                                    0x000015d6   Section        0  h1_alloc.o(.text)
    .text                                    0x00001634   Section        0  fseek.o(.text)
    .text                                    0x0000172c   Section        0  stdio.o(.text)
    .text                                    0x0000181c   Section        0  flushlinebuffered.o(.text)
    .text                                    0x00001854   Section        0  defsig_exit.o(.text)
    .text                                    0x00001860   Section        0  defsig_rtred_inner.o(.text)
    .text                                    0x00001894   Section        0  sys_exit.o(.text)
    .text                                    0x000018a0   Section        2  use_no_semi.o(.text)
    .text                                    0x000018a2   Section        0  indicate_semi.o(.text)
    .text                                    0x000018a4   Section        8  rt_locale_intlibspace.o(.text)
    .text                                    0x000018ac   Section        0  h1_init.o(.text)
    .text                                    0x000018ba   Section        0  h1_extend.o(.text)
    .text                                    0x000018f0   Section        0  fflush.o(.text)
    .text                                    0x00001954   Section        0  ftell.o(.text)
    .text                                    0x00001996   Section        0  defsig_general.o(.text)
    .text                                    0x000019c8   Section        0  defsig_rtmem_outer.o(.text)
    .text                                    0x000019d6   Section        0  sys_wrch.o(.text)
    .text                                    0x000019e4   Section        8  rt_errno_addr_intlibspace.o(.text)
    .text                                    0x000019ec   Section        0  defsig_rtmem_inner.o(.text)
    i.Consume                                0x00001a3c   Section        0  w02s04d.o(i.Consume)
    i.ITM_ReceiveChar                        0x00001abc   Section        0  retarget_io.o(i.ITM_ReceiveChar)
    i.ITM_SendChar                           0x00001ad8   Section        0  retarget_io.o(i.ITM_SendChar)
    i.Produce                                0x00001afc   Section        0  w02s04d.o(i.Produce)
    i.Show                                   0x00001bbc   Section        0  w02s04d.o(i.Show)
    i.SystemInit                             0x00001c34   Section        0  system_armcm3.o(i.SystemInit)
    i._sys_close                             0x00001c54   Section        0  retarget_io.o(i._sys_close)
    i._sys_flen                              0x00001c6c   Section        0  retarget_io.o(i._sys_flen)
    i._sys_istty                             0x00001c78   Section        0  retarget_io.o(i._sys_istty)
    i._sys_open                              0x00001c90   Section        0  retarget_io.o(i._sys_open)
    i._sys_read                              0x00001cec   Section        0  retarget_io.o(i._sys_read)
    i._sys_seek                              0x00001d16   Section        0  retarget_io.o(i._sys_seek)
    i._sys_write                             0x00001d1c   Section        0  retarget_io.o(i._sys_write)
    i.fgetc                                  0x00001d4a   Section        0  fgetc.o(i.fgetc)
    i.fputc                                  0x00001d62   Section        0  fputc.o(i.fputc)
    i.main                                   0x00001d7c   Section        0  w02s04d.o(i.main)
    locale$$code                             0x00001f00   Section       44  lc_ctype_c.o(locale$$code)
    .constdata                               0x00001f2c   Section        7  retarget_io.o(.constdata)
    .constdata                               0x00001f33   Section        8  retarget_io.o(.constdata)
    .constdata                               0x00001f3b   Section        8  retarget_io.o(.constdata)
    .conststring                             0x00001f44   Section       76  w02s04d.o(.conststring)
    locale$$data                             0x00001fb0   Section      272  lc_ctype_c.o(locale$$data)
    __lcctype_c_name                         0x00001fb4   Data           2  lc_ctype_c.o(locale$$data)
    __lcctype_c_start                        0x00001fbc   Data           0  lc_ctype_c.o(locale$$data)
    __lcctype_c_end                          0x000020c0   Data           0  lc_ctype_c.o(locale$$data)
    .data                                    0x20000000   Section        4  w02s04d.o(.data)
    index                                    0x20000000   Data           4  w02s04d.o(.data)
    .data                                    0x20000004   Section        4  retarget_io.o(.data)
    .data                                    0x20000008   Section        4  system_armcm3.o(.data)
    .data                                    0x2000000c   Section        4  stdio_streams.o(.data)
    .data                                    0x20000010   Section        4  stdio_streams.o(.data)
    .data                                    0x20000014   Section        4  stdio_streams.o(.data)
    .bss                                     0x20000018   Section       84  stdio_streams.o(.bss)
    .bss                                     0x2000006c   Section       84  stdio_streams.o(.bss)
    .bss                                     0x200000c0   Section       84  stdio_streams.o(.bss)
    .bss                                     0x20000114   Section       96  libspace.o(.bss)
    HEAP                                     0x20000178   Section     3072  startup_armcm3.o(HEAP)
    STACK                                    0x20000d78   Section     1024  startup_armcm3.o(STACK)

    Global Symbols

    Symbol Name                              Value     Ov Type        Size  Object(Section)

    BuildAttributes$$THM_ISAv4$P$D$K$B$S$PE$A:L22UL41UL21$X:L11$S22US41US21$IEEE1$IW$USESV6$~STKCKD$USESV7$~SHL$OTIME$ROPI$EBA8$UX$STANDARDLIB$REQ8$PRES8$EABIv2 0x00000000   Number         0  anon$$obj.o ABSOLUTE
    __ARM_use_no_argv                        0x00000000   Number         0  w02s04d.o ABSOLUTE
    __Vectors                                0x00000000   Data           4  startup_armcm3.o(RESET)
    _printf_flags                            0x00000000   Number         0  printf_stubs.o ABSOLUTE
    _printf_return_value                     0x00000000   Number         0  printf_stubs.o ABSOLUTE
    _printf_sizespec                         0x00000000   Number         0  printf_stubs.o ABSOLUTE
    _printf_widthprec                        0x00000000   Number         0  printf_stubs.o ABSOLUTE
    __ARM_exceptions_init                     - Undefined Weak Reference
    __alloca_initialize                       - Undefined Weak Reference
    __arm_preinit_                            - Undefined Weak Reference
    __cpp_initialize__aeabi_                  - Undefined Weak Reference
    __cxa_finalize                            - Undefined Weak Reference
    __sigvec_lookup                           - Undefined Weak Reference
    __user_heap_extent                        - Undefined Weak Reference
    _atexit_init                              - Undefined Weak Reference
    _call_atexit_fns                          - Undefined Weak Reference
    _clock_init                               - Undefined Weak Reference
    _fp_trap_init                             - Undefined Weak Reference
    _fp_trap_shutdown                         - Undefined Weak Reference
    _get_lc_collate                           - Undefined Weak Reference
    _get_lc_monetary                          - Undefined Weak Reference
    _get_lc_numeric                           - Undefined Weak Reference
    _get_lc_time                              - Undefined Weak Reference
    _getenv_init                              - Undefined Weak Reference
    _handle_redirection                       - Undefined Weak Reference
    _mutex_acquire                            - Undefined Weak Reference
    _mutex_free                               - Undefined Weak Reference
    _mutex_release                            - Undefined Weak Reference
    _printf_post_padding                      - Undefined Weak Reference
    _printf_pre_padding                       - Undefined Weak Reference
    _rand_init                                - Undefined Weak Reference
    _scanf_longlong                           - Undefined Weak Reference
    _scanf_mbtowc                             - Undefined Weak Reference
    _scanf_real                               - Undefined Weak Reference
    _scanf_string                             - Undefined Weak Reference
    _scanf_wctomb                             - Undefined Weak Reference
    _scanf_wstring                            - Undefined Weak Reference
    _signal_finish                            - Undefined Weak Reference
    _signal_init                              - Undefined Weak Reference
    __Vectors_End                            0x000003c0   Data           0  startup_armcm3.o(RESET)
    __Vectors_Size                           0x000003c0   Number         0  startup_armcm3.o ABSOLUTE
    __main                                   0x000003c1   Thumb Code     8  __main.o(!!!main)
    __scatterload                            0x000003c9   Thumb Code     0  __scatter.o(!!!scatter)
    __scatterload_rt2                        0x000003c9   Thumb Code    44  __scatter.o(!!!scatter)
    __scatterload_rt2_thumb_only             0x000003c9   Thumb Code     0  __scatter.o(!!!scatter)
    __scatterload_null                       0x000003d7   Thumb Code     0  __scatter.o(!!!scatter)
    __scatterload_copy                       0x000003fd   Thumb Code    26  __scatter_copy.o(!!handler_copy)
    __scatterload_zeroinit                   0x00000419   Thumb Code    28  __scatter_zi.o(!!handler_zi)
    _printf_percent                          0x00000435   Thumb Code     0  _printf_percent.o(.ARM.Collect$$_printf_percent$$00000000)
    _printf_u                                0x00000435   Thumb Code     0  _printf_u.o(.ARM.Collect$$_printf_percent$$0000000A)
    _printf_percent_end                      0x0000043b   Thumb Code     0  _printf_percent_end.o(.ARM.Collect$$_printf_percent$$00000017)
    __rt_lib_init                            0x0000043f   Thumb Code     0  libinit.o(.ARM.Collect$$libinit$$00000000)
    __rt_lib_init_fp_1                       0x00000441   Thumb Code     0  libinit2.o(.ARM.Collect$$libinit$$00000002)
    __rt_lib_init_heap_2                     0x00000441   Thumb Code     0  libinit3.o(.ARM.Collect$$libinit$$00000006)
    __rt_lib_init_preinit_1                  0x00000441   Thumb Code     0  libinit2.o(.ARM.Collect$$libinit$$00000004)
    __rt_lib_init_heap_1                     0x00000449   Thumb Code     0  libinit2.o(.ARM.Collect$$libinit$$0000000A)
    __rt_lib_init_lc_common                  0x00000449   Thumb Code     0  libinit2.o(.ARM.Collect$$libinit$$0000000F)
    __rt_lib_init_rand_1                     0x00000449   Thumb Code     0  libinit2.o(.ARM.Collect$$libinit$$0000000E)
    __rt_lib_init_user_alloc_1               0x00000449   Thumb Code     0  libinit2.o(.ARM.Collect$$libinit$$0000000C)
    __rt_lib_init_lc_collate_1               0x0000044f   Thumb Code     0  libinit2.o(.ARM.Collect$$libinit$$00000011)
    __rt_lib_init_lc_ctype_2                 0x0000044f   Thumb Code     0  libinit2.o(.ARM.Collect$$libinit$$00000012)
    __rt_lib_init_atexit_1                   0x0000045b   Thumb Code     0  libinit2.o(.ARM.Collect$$libinit$$0000001B)
    __rt_lib_init_clock_1                    0x0000045b   Thumb Code     0  libinit2.o(.ARM.Collect$$libinit$$00000021)
    __rt_lib_init_fp_trap_1                  0x0000045b   Thumb Code     0  libinit2.o(.ARM.Collect$$libinit$$0000001F)
    __rt_lib_init_getenv_1                   0x0000045b   Thumb Code     0  libinit2.o(.ARM.Collect$$libinit$$00000023)
    __rt_lib_init_lc_ctype_1                 0x0000045b   Thumb Code     0  libinit2.o(.ARM.Collect$$libinit$$00000013)
    __rt_lib_init_lc_monetary_1              0x0000045b   Thumb Code     0  libinit2.o(.ARM.Collect$$libinit$$00000015)
    __rt_lib_init_lc_numeric_1               0x0000045b   Thumb Code     0  libinit2.o(.ARM.Collect$$libinit$$00000017)
    __rt_lib_init_lc_time_1                  0x0000045b   Thumb Code     0  libinit2.o(.ARM.Collect$$libinit$$00000019)
    __rt_lib_init_signal_1                   0x0000045b   Thumb Code     0  libinit2.o(.ARM.Collect$$libinit$$0000001D)
    __rt_lib_init_stdio_2                    0x0000045b   Thumb Code     0  libinit2.o(.ARM.Collect$$libinit$$00000024)
    __rt_lib_init_alloca_1                   0x0000045f   Thumb Code     0  libinit2.o(.ARM.Collect$$libinit$$0000002E)
    __rt_lib_init_argv_1                     0x0000045f   Thumb Code     0  libinit2.o(.ARM.Collect$$libinit$$0000002C)
    __rt_lib_init_cpp_1                      0x0000045f   Thumb Code     0  libinit2.o(.ARM.Collect$$libinit$$00000032)
    __rt_lib_init_exceptions_1               0x0000045f   Thumb Code     0  libinit2.o(.ARM.Collect$$libinit$$00000030)
    __rt_lib_init_return                     0x0000045f   Thumb Code     0  libinit2.o(.ARM.Collect$$libinit$$00000033)
    __rt_lib_init_stdio_1                    0x0000045f   Thumb Code     0  libinit2.o(.ARM.Collect$$libinit$$00000025)
    __rt_lib_shutdown                        0x00000469   Thumb Code     0  libshutdown.o(.ARM.Collect$$libshutdown$$00000000)
    __rt_lib_shutdown_cpp_1                  0x0000046b   Thumb Code     0  libshutdown2.o(.ARM.Collect$$libshutdown$$00000002)
    __rt_lib_shutdown_stdio_2                0x0000046b   Thumb Code     0  libshutdown2.o(.ARM.Collect$$libshutdown$$00000003)
    __rt_lib_shutdown_fp_trap_1              0x0000046f   Thumb Code     0  libshutdown2.o(.ARM.Collect$$libshutdown$$00000007)
    __rt_lib_shutdown_heap_1                 0x0000046f   Thumb Code     0  libshutdown2.o(.ARM.Collect$$libshutdown$$0000000F)
    __rt_lib_shutdown_return                 0x0000046f   Thumb Code     0  libshutdown2.o(.ARM.Collect$$libshutdown$$00000010)
    __rt_lib_shutdown_signal_1               0x0000046f   Thumb Code     0  libshutdown2.o(.ARM.Collect$$libshutdown$$0000000A)
    __rt_lib_shutdown_stdio_1                0x0000046f   Thumb Code     0  libshutdown2.o(.ARM.Collect$$libshutdown$$00000004)
    __rt_lib_shutdown_user_alloc_1           0x0000046f   Thumb Code     0  libshutdown2.o(.ARM.Collect$$libshutdown$$0000000C)
    __rt_entry                               0x00000471   Thumb Code     0  __rtentry.o(.ARM.Collect$$rtentry$$00000000)
    __rt_entry_presh_1                       0x00000471   Thumb Code     0  __rtentry2.o(.ARM.Collect$$rtentry$$00000002)
    __rt_entry_sh                            0x00000471   Thumb Code     0  __rtentry5.o(.ARM.Collect$$rtentry$$00000005)
    __rt_entry_li                            0x00000475   Thumb Code     0  __rtentry2.o(.ARM.Collect$$rtentry$$0000000A)
    __rt_entry_postsh_1                      0x00000475   Thumb Code     0  __rtentry2.o(.ARM.Collect$$rtentry$$00000009)
    __rt_entry_main                          0x00000479   Thumb Code     0  __rtentry2.o(.ARM.Collect$$rtentry$$0000000D)
    __rt_entry_postli_1                      0x00000479   Thumb Code     0  __rtentry2.o(.ARM.Collect$$rtentry$$0000000C)
    __rt_exit                                0x00000485   Thumb Code     0  rtexit.o(.ARM.Collect$$rtexit$$00000000)
    __rt_exit_ls                             0x00000487   Thumb Code     0  rtexit2.o(.ARM.Collect$$rtexit$$00000003)
    __rt_exit_prels_1                        0x00000487   Thumb Code     0  rtexit2.o(.ARM.Collect$$rtexit$$00000002)
    __rt_exit_exit                           0x0000048b   Thumb Code     0  rtexit2.o(.ARM.Collect$$rtexit$$00000004)
    Reset_Handler                            0x00000491   Thumb Code     8  startup_armcm3.o(.text)
    _maybe_terminate_alloc                   0x00000491   Thumb Code     0  maybetermalloc1.o(.emb_text)
    NMI_Handler                              0x00000499   Thumb Code     2  startup_armcm3.o(.text)
    HardFault_Handler                        0x0000049b   Thumb Code     2  startup_armcm3.o(.text)
    MemManage_Handler                        0x0000049d   Thumb Code     2  startup_armcm3.o(.text)
    BusFault_Handler                         0x0000049f   Thumb Code     2  startup_armcm3.o(.text)
    UsageFault_Handler                       0x000004a1   Thumb Code     2  startup_armcm3.o(.text)
    SVC_Handler                              0x000004a3   Thumb Code     2  startup_armcm3.o(.text)
    DebugMon_Handler                         0x000004a5   Thumb Code     2  startup_armcm3.o(.text)
    PendSV_Handler                           0x000004a7   Thumb Code     2  startup_armcm3.o(.text)
    SysTick_Handler                          0x000004a9   Thumb Code     2  startup_armcm3.o(.text)
    Interrupt0_Handler                       0x000004ab   Thumb Code     2  startup_armcm3.o(.text)
    Interrupt1_Handler                       0x000004ad   Thumb Code     2  startup_armcm3.o(.text)
    Interrupt2_Handler                       0x000004af   Thumb Code     2  startup_armcm3.o(.text)
    Interrupt3_Handler                       0x000004b1   Thumb Code     2  startup_armcm3.o(.text)
    Interrupt4_Handler                       0x000004b3   Thumb Code     2  startup_armcm3.o(.text)
    Interrupt5_Handler                       0x000004b5   Thumb Code     2  startup_armcm3.o(.text)
    Interrupt6_Handler                       0x000004b7   Thumb Code     2  startup_armcm3.o(.text)
    Interrupt7_Handler                       0x000004b9   Thumb Code     2  startup_armcm3.o(.text)
    Interrupt8_Handler                       0x000004bb   Thumb Code     2  startup_armcm3.o(.text)
    Interrupt9_Handler                       0x000004bd   Thumb Code     2  startup_armcm3.o(.text)
    __2printf                                0x000004c9   Thumb Code    20  noretval__2printf.o(.text)
    _printf_truncate_signed                  0x000004e1   Thumb Code    18  _printf_truncate.o(.text)
    _printf_truncate_unsigned                0x000004f3   Thumb Code    18  _printf_truncate.o(.text)
    _printf_int_dec                          0x00000505   Thumb Code   104  _printf_dec.o(.text)
    __printf                                 0x0000057d   Thumb Code   184  __printf_ss.o(.text)
    __0scanf                                 0x00000635   Thumb Code    26  __0scanf.o(.text)
    _scanf_int                               0x00000655   Thumb Code   332  _scanf_int.o(.text)
    strcmp                                   0x000007a1   Thumb Code   128  strcmpv7m.o(.text)
    __use_two_region_memory                  0x00000821   Thumb Code     2  heapauxi.o(.text)
    __rt_heap_escrow                         0x00000823   Thumb Code     2  heapauxi.o(.text)
    __rt_heap_expand                         0x00000825   Thumb Code     2  heapauxi.o(.text)
    _printf_int_common                       0x00000827   Thumb Code   178  _printf_intcommon.o(.text)
    _printf_char_file                        0x000008d9   Thumb Code    32  _printf_char_file.o(.text)
    _chval                                   0x000008fd   Thumb Code    28  _chval.o(.text)
    __vfscanf_char_file                      0x00000919   Thumb Code    16  scanf_char_file.o(.text)
    _printf_char_common                      0x0000093b   Thumb Code    32  _printf_char_common.o(.text)
    __vfscanf_char                           0x0000096d   Thumb Code    24  scanf_char.o(.text)
    ___backspace$unlocked                    0x0000098d   Thumb Code     2  backspace.o(.text)
    __backspace                              0x0000098f   Thumb Code    70  backspace.o(.text)
    ferror                                   0x000009d5   Thumb Code     8  ferror.o(.text)
    _initio                                  0x000009dd   Thumb Code   210  initio.o(.text)
    _terminateio                             0x00000aaf   Thumb Code    56  initio.o(.text)
    free                                     0x00000b15   Thumb Code    78  h1_free.o(.text)
    isspace                                  0x00000b63   Thumb Code    18  isspace.o(.text)
    __vfscanf                                0x00000b75   Thumb Code   878  _scanf.o(.text)
    _readbuf                                 0x00000ee9   Thumb Code    54  filbuf.o(.text)
    _seteof                                  0x00000f1f   Thumb Code    40  filbuf.o(.text)
    __filbuf                                 0x00000f47   Thumb Code   476  filbuf.o(.text)
    __filbuf_byte                            0x00000f47   Thumb Code     0  filbuf.o(.text)
    __filbuf_wide                            0x00000f47   Thumb Code     0  filbuf.o(.text)
    __flsbuf                                 0x00001123   Thumb Code   470  flsbuf.o(.text)
    __flsbuf_byte                            0x00001123   Thumb Code     0  flsbuf.o(.text)
    __flsbuf_wide                            0x00001123   Thumb Code     0  flsbuf.o(.text)
    setvbuf                                  0x000012f9   Thumb Code    70  setvbuf.o(.text)
    _ungetc_internal                         0x00001341   Thumb Code    60  ungetc.o(.text)
    ungetc                                   0x00001341   Thumb Code     0  ungetc.o(.text)
    freopen                                  0x00001389   Thumb Code   158  fopen.o(.text)
    fopen                                    0x00001427   Thumb Code    74  fopen.o(.text)
    _fclose_internal                         0x00001475   Thumb Code    76  fclose.o(.text)
    fclose                                   0x00001475   Thumb Code     0  fclose.o(.text)
    exit                                     0x000014c1   Thumb Code    18  exit.o(.text)
    __rt_SIGRTRED                            0x000014d3   Thumb Code    14  defsig_rtred_outer.o(.text)
    __aeabi_memclr4                          0x000014e1   Thumb Code     0  rt_memclr_w.o(.text)
    __aeabi_memclr8                          0x000014e1   Thumb Code     0  rt_memclr_w.o(.text)
    __rt_memclr_w                            0x000014e1   Thumb Code    78  rt_memclr_w.o(.text)
    _memset_w                                0x000014e5   Thumb Code     0  rt_memclr_w.o(.text)
    __rt_ctype_table                         0x00001531   Thumb Code    16  rt_ctype_table.o(.text)
    __rt_heap_descriptor                     0x00001541   Thumb Code     8  rt_heap_descriptor_intlibspace.o(.text)
    __use_no_heap                            0x00001549   Thumb Code     2  hguard.o(.text)
    __heap$guard                             0x0000154b   Thumb Code     2  hguard.o(.text)
    _terminate_user_alloc                    0x0000154d   Thumb Code     2  init_alloc.o(.text)
    _init_user_alloc                         0x0000154f   Thumb Code     2  init_alloc.o(.text)
    __Heap_Full                              0x00001551   Thumb Code    34  init_alloc.o(.text)
    __Heap_Broken                            0x00001573   Thumb Code     6  init_alloc.o(.text)
    _init_alloc                              0x00001579   Thumb Code    94  init_alloc.o(.text)
    malloc                                   0x000015d7   Thumb Code    94  h1_alloc.o(.text)
    _fseek                                   0x00001635   Thumb Code   242  fseek.o(.text)
    fseek                                    0x00001635   Thumb Code     0  fseek.o(.text)
    _seterr                                  0x0000172d   Thumb Code    20  stdio.o(.text)
    _writebuf                                0x00001741   Thumb Code    84  stdio.o(.text)
    _fflush                                  0x00001795   Thumb Code    70  stdio.o(.text)
    _deferredlazyseek                        0x000017db   Thumb Code    60  stdio.o(.text)
    _flushlinebuffered                       0x0000181d   Thumb Code    50  flushlinebuffered.o(.text)
    __sig_exit                               0x00001855   Thumb Code    10  defsig_exit.o(.text)
    __rt_SIGRTRED_inner                      0x00001861   Thumb Code    14  defsig_rtred_inner.o(.text)
    _sys_exit                                0x00001895   Thumb Code     8  sys_exit.o(.text)
    __I$use$semihosting                      0x000018a1   Thumb Code     0  use_no_semi.o(.text)
    __use_no_semihosting_swi                 0x000018a1   Thumb Code     2  use_no_semi.o(.text)
    __semihosting_library_function           0x000018a3   Thumb Code     0  indicate_semi.o(.text)
    __rt_locale                              0x000018a5   Thumb Code     8  rt_locale_intlibspace.o(.text)
    __Heap_Initialize                        0x000018ad   Thumb Code    10  h1_init.o(.text)
    __Heap_DescSize                          0x000018b7   Thumb Code     4  h1_init.o(.text)
    __Heap_ProvideMemory                     0x000018bb   Thumb Code    52  h1_extend.o(.text)
    _do_fflush                               0x000018f1   Thumb Code    54  fflush.o(.text)
    fflush                                   0x00001927   Thumb Code    42  fflush.o(.text)
    _ftell_internal                          0x00001955   Thumb Code    66  ftell.o(.text)
    ftell                                    0x00001955   Thumb Code     0  ftell.o(.text)
    __default_signal_display                 0x00001997   Thumb Code    50  defsig_general.o(.text)
    __rt_SIGRTMEM                            0x000019c9   Thumb Code    14  defsig_rtmem_outer.o(.text)
    _ttywrch                                 0x000019d7   Thumb Code    14  sys_wrch.o(.text)
    __aeabi_errno_addr                       0x000019e5   Thumb Code     8  rt_errno_addr_intlibspace.o(.text)
    __errno$intlibspace                      0x000019e5   Thumb Code     0  rt_errno_addr_intlibspace.o(.text)
    __rt_errno_addr$intlibspace              0x000019e5   Thumb Code     0  rt_errno_addr_intlibspace.o(.text)
    __rt_SIGRTMEM_inner                      0x000019ed   Thumb Code    22  defsig_rtmem_inner.o(.text)
    Consume                                  0x00001a3d   Thumb Code    58  w02s04d.o(i.Consume)
    ITM_ReceiveChar                          0x00001abd   Thumb Code    20  retarget_io.o(i.ITM_ReceiveChar)
    ITM_SendChar                             0x00001ad9   Thumb Code    32  retarget_io.o(i.ITM_SendChar)
    Produce                                  0x00001afd   Thumb Code    92  w02s04d.o(i.Produce)
    Show                                     0x00001bbd   Thumb Code    58  w02s04d.o(i.Show)
    SystemInit                               0x00001c35   Thumb Code    14  system_armcm3.o(i.SystemInit)
    _sys_close                               0x00001c55   Thumb Code    24  retarget_io.o(i._sys_close)
    _sys_flen                                0x00001c6d   Thumb Code    12  retarget_io.o(i._sys_flen)
    _sys_istty                               0x00001c79   Thumb Code    24  retarget_io.o(i._sys_istty)
    _sys_open                                0x00001c91   Thumb Code    68  retarget_io.o(i._sys_open)
    _sys_read                                0x00001ced   Thumb Code    42  retarget_io.o(i._sys_read)
    _sys_seek                                0x00001d17   Thumb Code     6  retarget_io.o(i._sys_seek)
    _sys_write                               0x00001d1d   Thumb Code    46  retarget_io.o(i._sys_write)
    fgetc                                    0x00001d4b   Thumb Code    24  fgetc.o(i.fgetc)
    fputc                                    0x00001d63   Thumb Code    26  fputc.o(i.fputc)
    main                                     0x00001d7d   Thumb Code   142  w02s04d.o(i.main)
    _get_lc_ctype                            0x00001f01   Thumb Code    44  lc_ctype_c.o(locale$$code)
    __stdin_name                             0x00001f2c   Data           7  retarget_io.o(.constdata)
    __stdout_name                            0x00001f33   Data           8  retarget_io.o(.constdata)
    __stderr_name                            0x00001f3b   Data           8  retarget_io.o(.constdata)
    Region$$Table$$Base                      0x00001f90   Number         0  anon$$obj.o(Region$$Table)
    Region$$Table$$Limit                     0x00001fb0   Number         0  anon$$obj.o(Region$$Table)
    __ctype                                  0x00001fbd   Data           0  lc_ctype_c.o(locale$$data)
    ITM_RxBuffer                             0x20000004   Data           4  retarget_io.o(.data)
    SystemCoreClock                          0x20000008   Data           4  system_armcm3.o(.data)
    __aeabi_stdin                            0x2000000c   Data           4  stdio_streams.o(.data)
    __aeabi_stdout                           0x20000010   Data           4  stdio_streams.o(.data)
    __aeabi_stderr                           0x20000014   Data           4  stdio_streams.o(.data)
    __stdin                                  0x20000018   Data          84  stdio_streams.o(.bss)
    __stdout                                 0x2000006c   Data          84  stdio_streams.o(.bss)
    __stderr                                 0x200000c0   Data          84  stdio_streams.o(.bss)
    __libspace_start                         0x20000114   Data          96  libspace.o(.bss)
    __temporary_stack_top$libspace           0x20000174   Data           0  libspace.o(.bss)
    __heap_base                              0x20000178   Data           0  startup_armcm3.o(HEAP)
    __heap_limit                             0x20000d78   Data           0  startup_armcm3.o(HEAP)
    __stack_limit                            0x20000d78   Data           0  startup_armcm3.o(STACK)
    Image$$ZI$$Limit                         0x20001178   Number         0  anon$$obj.o ABSOLUTE
    __initial_sp                             0x20001178   Data           0  startup_armcm3.o(STACK)



==============================================================================

Memory Map of the image

  Image Entry point : 0x00000491

  Load Region LR_1 (Base: 0x00000000, Size: 0x000020d8, Max: 0xffffffff, ABSOLUTE)

    Execution Region ER_RO (Exec base: 0x00000000, Load base: 0x00000000, Size: 0x000020c0, Max: 0xffffffff, ABSOLUTE)

    Exec Addr    Load Addr    Size         Type   Attr      Idx    E Section Name        Object

    0x00000000   0x00000000   0x000003c0   Data   RO          128    RESET               startup_armcm3.o
    0x000003c0   0x000003c0   0x00000008   Code   RO          232  * !!!main             c_w.l(__main.o)
    0x000003c8   0x000003c8   0x00000034   Code   RO          637    !!!scatter          c_w.l(__scatter.o)
    0x000003fc   0x000003fc   0x0000001a   Code   RO          639    !!handler_copy      c_w.l(__scatter_copy.o)
    0x00000416   0x00000416   0x00000002   PAD
    0x00000418   0x00000418   0x0000001c   Code   RO          641    !!handler_zi        c_w.l(__scatter_zi.o)
    0x00000434   0x00000434   0x00000000   Code   RO          223    .ARM.Collect$$_printf_percent$$00000000  c_w.l(_printf_percent.o)
    0x00000434   0x00000434   0x00000006   Code   RO          222    .ARM.Collect$$_printf_percent$$0000000A  c_w.l(_printf_u.o)
    0x0000043a   0x0000043a   0x00000004   Code   RO          239    .ARM.Collect$$_printf_percent$$00000017  c_w.l(_printf_percent_end.o)
    0x0000043e   0x0000043e   0x00000002   Code   RO          394    .ARM.Collect$$libinit$$00000000  c_w.l(libinit.o)
    0x00000440   0x00000440   0x00000000   Code   RO          396    .ARM.Collect$$libinit$$00000002  c_w.l(libinit2.o)
    0x00000440   0x00000440   0x00000000   Code   RO          398    .ARM.Collect$$libinit$$00000004  c_w.l(libinit2.o)
    0x00000440   0x00000440   0x00000008   Code   RO          532    .ARM.Collect$$libinit$$00000006  c_w.l(libinit3.o)
    0x00000448   0x00000448   0x00000000   Code   RO          401    .ARM.Collect$$libinit$$0000000A  c_w.l(libinit2.o)
    0x00000448   0x00000448   0x00000000   Code   RO          403    .ARM.Collect$$libinit$$0000000C  c_w.l(libinit2.o)
    0x00000448   0x00000448   0x00000000   Code   RO          405    .ARM.Collect$$libinit$$0000000E  c_w.l(libinit2.o)
    0x00000448   0x00000448   0x00000006   Code   RO          406    .ARM.Collect$$libinit$$0000000F  c_w.l(libinit2.o)
    0x0000044e   0x0000044e   0x00000000   Code   RO          408    .ARM.Collect$$libinit$$00000011  c_w.l(libinit2.o)
    0x0000044e   0x0000044e   0x0000000c   Code   RO          409    .ARM.Collect$$libinit$$00000012  c_w.l(libinit2.o)
    0x0000045a   0x0000045a   0x00000000   Code   RO          410    .ARM.Collect$$libinit$$00000013  c_w.l(libinit2.o)
    0x0000045a   0x0000045a   0x00000000   Code   RO          412    .ARM.Collect$$libinit$$00000015  c_w.l(libinit2.o)
    0x0000045a   0x0000045a   0x00000000   Code   RO          414    .ARM.Collect$$libinit$$00000017  c_w.l(libinit2.o)
    0x0000045a   0x0000045a   0x00000000   Code   RO          416    .ARM.Collect$$libinit$$00000019  c_w.l(libinit2.o)
    0x0000045a   0x0000045a   0x00000000   Code   RO          418    .ARM.Collect$$libinit$$0000001B  c_w.l(libinit2.o)
    0x0000045a   0x0000045a   0x00000000   Code   RO          420    .ARM.Collect$$libinit$$0000001D  c_w.l(libinit2.o)
    0x0000045a   0x0000045a   0x00000000   Code   RO          422    .ARM.Collect$$libinit$$0000001F  c_w.l(libinit2.o)
    0x0000045a   0x0000045a   0x00000000   Code   RO          424    .ARM.Collect$$libinit$$00000021  c_w.l(libinit2.o)
    0x0000045a   0x0000045a   0x00000000   Code   RO          426    .ARM.Collect$$libinit$$00000023  c_w.l(libinit2.o)
    0x0000045a   0x0000045a   0x00000004   Code   RO          427    .ARM.Collect$$libinit$$00000024  c_w.l(libinit2.o)
    0x0000045e   0x0000045e   0x00000000   Code   RO          428    .ARM.Collect$$libinit$$00000025  c_w.l(libinit2.o)
    0x0000045e   0x0000045e   0x00000000   Code   RO          432    .ARM.Collect$$libinit$$0000002C  c_w.l(libinit2.o)
    0x0000045e   0x0000045e   0x00000000   Code   RO          434    .ARM.Collect$$libinit$$0000002E  c_w.l(libinit2.o)
    0x0000045e   0x0000045e   0x00000000   Code   RO          436    .ARM.Collect$$libinit$$00000030  c_w.l(libinit2.o)
    0x0000045e   0x0000045e   0x00000000   Code   RO          438    .ARM.Collect$$libinit$$00000032  c_w.l(libinit2.o)
    0x0000045e   0x0000045e   0x00000002   Code   RO          439    .ARM.Collect$$libinit$$00000033  c_w.l(libinit2.o)
    0x00000460   0x00000460   0x00000008   Code   RO          533    .ARM.Collect$$libinit$$00002717  c_w.l(libinit3.o)
    0x00000468   0x00000468   0x00000002   Code   RO          616    .ARM.Collect$$libshutdown$$00000000  c_w.l(libshutdown.o)
    0x0000046a   0x0000046a   0x00000000   Code   RO          441    .ARM.Collect$$libshutdown$$00000002  c_w.l(libshutdown2.o)
    0x0000046a   0x0000046a   0x00000004   Code   RO          442    .ARM.Collect$$libshutdown$$00000003  c_w.l(libshutdown2.o)
    0x0000046e   0x0000046e   0x00000000   Code   RO          443    .ARM.Collect$$libshutdown$$00000004  c_w.l(libshutdown2.o)
    0x0000046e   0x0000046e   0x00000000   Code   RO          446    .ARM.Collect$$libshutdown$$00000007  c_w.l(libshutdown2.o)
    0x0000046e   0x0000046e   0x00000000   Code   RO          449    .ARM.Collect$$libshutdown$$0000000A  c_w.l(libshutdown2.o)
    0x0000046e   0x0000046e   0x00000000   Code   RO          451    .ARM.Collect$$libshutdown$$0000000C  c_w.l(libshutdown2.o)
    0x0000046e   0x0000046e   0x00000000   Code   RO          454    .ARM.Collect$$libshutdown$$0000000F  c_w.l(libshutdown2.o)
    0x0000046e   0x0000046e   0x00000002   Code   RO          455    .ARM.Collect$$libshutdown$$00000010  c_w.l(libshutdown2.o)
    0x00000470   0x00000470   0x00000000   Code   RO          234    .ARM.Collect$$rtentry$$00000000  c_w.l(__rtentry.o)
    0x00000470   0x00000470   0x00000000   Code   RO          251    .ARM.Collect$$rtentry$$00000002  c_w.l(__rtentry2.o)
    0x00000470   0x00000470   0x00000004   Code   RO          265    .ARM.Collect$$rtentry$$00000005  c_w.l(__rtentry5.o)
    0x00000474   0x00000474   0x00000000   Code   RO          253    .ARM.Collect$$rtentry$$00000009  c_w.l(__rtentry2.o)
    0x00000474   0x00000474   0x00000004   Code   RO          254    .ARM.Collect$$rtentry$$0000000A  c_w.l(__rtentry2.o)
    0x00000478   0x00000478   0x00000000   Code   RO          256    .ARM.Collect$$rtentry$$0000000C  c_w.l(__rtentry2.o)
    0x00000478   0x00000478   0x00000008   Code   RO          257    .ARM.Collect$$rtentry$$0000000D  c_w.l(__rtentry2.o)
    0x00000480   0x00000480   0x00000004   Code   RO          266    .ARM.Collect$$rtentry$$00002716  c_w.l(__rtentry5.o)
    0x00000484   0x00000484   0x00000002   Code   RO          465    .ARM.Collect$$rtexit$$00000000  c_w.l(rtexit.o)
    0x00000486   0x00000486   0x00000000   Code   RO          544    .ARM.Collect$$rtexit$$00000002  c_w.l(rtexit2.o)
    0x00000486   0x00000486   0x00000004   Code   RO          545    .ARM.Collect$$rtexit$$00000003  c_w.l(rtexit2.o)
    0x0000048a   0x0000048a   0x00000006   Code   RO          546    .ARM.Collect$$rtexit$$00000004  c_w.l(rtexit2.o)
    0x00000490   0x00000490   0x00000000   Code   RO          555    .emb_text           c_w.l(maybetermalloc1.o)
    0x00000490   0x00000490   0x00000038   Code   RO          129  * .text               startup_armcm3.o
    0x000004c8   0x000004c8   0x00000018   Code   RO          194    .text               c_w.l(noretval__2printf.o)
    0x000004e0   0x000004e0   0x00000024   Code   RO          198    .text               c_w.l(_printf_truncate.o)
    0x00000504   0x00000504   0x00000078   Code   RO          200    .text               c_w.l(_printf_dec.o)
    0x0000057c   0x0000057c   0x000000b8   Code   RO          205    .text               c_w.l(__printf_ss.o)
    0x00000634   0x00000634   0x00000020   Code   RO          224    .text               c_w.l(__0scanf.o)
    0x00000654   0x00000654   0x0000014c   Code   RO          226    .text               c_w.l(_scanf_int.o)
    0x000007a0   0x000007a0   0x00000080   Code   RO          228    .text               c_w.l(strcmpv7m.o)
    0x00000820   0x00000820   0x00000006   Code   RO          230    .text               c_w.l(heapauxi.o)
    0x00000826   0x00000826   0x000000b2   Code   RO          235    .text               c_w.l(_printf_intcommon.o)
    0x000008d8   0x000008d8   0x00000024   Code   RO          237    .text               c_w.l(_printf_char_file.o)
    0x000008fc   0x000008fc   0x0000001c   Code   RO          240    .text               c_w.l(_chval.o)
    0x00000918   0x00000918   0x00000018   Code   RO          242    .text               c_w.l(scanf_char_file.o)
    0x00000930   0x00000930   0x00000030   Code   RO          270    .text               c_w.l(_printf_char_common.o)
    0x00000960   0x00000960   0x0000002c   Code   RO          272    .text               c_w.l(scanf_char.o)
    0x0000098c   0x0000098c   0x00000048   Code   RO          274    .text               c_w.l(backspace.o)
    0x000009d4   0x000009d4   0x00000008   Code   RO          276    .text               c_w.l(ferror.o)
    0x000009dc   0x000009dc   0x00000138   Code   RO          286    .text               c_w.l(initio.o)
    0x00000b14   0x00000b14   0x0000004e   Code   RO          304    .text               c_w.l(h1_free.o)
    0x00000b62   0x00000b62   0x00000012   Code   RO          358    .text               c_w.l(isspace.o)
    0x00000b74   0x00000b74   0x00000374   Code   RO          362    .text               c_w.l(_scanf.o)
    0x00000ee8   0x00000ee8   0x0000023a   Code   RO          364    .text               c_w.l(filbuf.o)
    0x00001122   0x00001122   0x000001d6   Code   RO          366    .text               c_w.l(flsbuf.o)
    0x000012f8   0x000012f8   0x00000046   Code   RO          368    .text               c_w.l(setvbuf.o)
    0x0000133e   0x0000133e   0x00000002   PAD
    0x00001340   0x00001340   0x00000048   Code   RO          370    .text               c_w.l(ungetc.o)
    0x00001388   0x00001388   0x000000ec   Code   RO          373    .text               c_w.l(fopen.o)
    0x00001474   0x00001474   0x0000004c   Code   RO          375    .text               c_w.l(fclose.o)
    0x000014c0   0x000014c0   0x00000012   Code   RO          381    .text               c_w.l(exit.o)
    0x000014d2   0x000014d2   0x0000000e   Code   RO          383    .text               c_w.l(defsig_rtred_outer.o)
    0x000014e0   0x000014e0   0x0000004e   Code   RO          387    .text               c_w.l(rt_memclr_w.o)
    0x0000152e   0x0000152e   0x00000002   PAD
    0x00001530   0x00001530   0x00000010   Code   RO          467    .text               c_w.l(rt_ctype_table.o)
    0x00001540   0x00001540   0x00000008   Code   RO          474    .text               c_w.l(rt_heap_descriptor_intlibspace.o)
    0x00001548   0x00001548   0x00000004   Code   RO          476    .text               c_w.l(hguard.o)
    0x0000154c   0x0000154c   0x0000008a   Code   RO          478    .text               c_w.l(init_alloc.o)
    0x000015d6   0x000015d6   0x0000005e   Code   RO          484    .text               c_w.l(h1_alloc.o)
    0x00001634   0x00001634   0x000000f8   Code   RO          502    .text               c_w.l(fseek.o)
    0x0000172c   0x0000172c   0x000000f0   Code   RO          504    .text               c_w.l(stdio.o)
    0x0000181c   0x0000181c   0x00000038   Code   RO          512    .text               c_w.l(flushlinebuffered.o)
    0x00001854   0x00001854   0x0000000a   Code   RO          522    .text               c_w.l(defsig_exit.o)
    0x0000185e   0x0000185e   0x00000002   PAD
    0x00001860   0x00001860   0x00000034   Code   RO          524    .text               c_w.l(defsig_rtred_inner.o)
    0x00001894   0x00001894   0x0000000c   Code   RO          538    .text               c_w.l(sys_exit.o)
    0x000018a0   0x000018a0   0x00000002   Code   RO          540    .text               c_w.l(use_no_semi.o)
    0x000018a2   0x000018a2   0x00000000   Code   RO          542    .text               c_w.l(indicate_semi.o)
    0x000018a2   0x000018a2   0x00000002   PAD
    0x000018a4   0x000018a4   0x00000008   Code   RO          553    .text               c_w.l(rt_locale_intlibspace.o)
    0x000018ac   0x000018ac   0x0000000e   Code   RO          557    .text               c_w.l(h1_init.o)
    0x000018ba   0x000018ba   0x00000034   Code   RO          559    .text               c_w.l(h1_extend.o)
    0x000018ee   0x000018ee   0x00000002   PAD
    0x000018f0   0x000018f0   0x00000064   Code   RO          565    .text               c_w.l(fflush.o)
    0x00001954   0x00001954   0x00000042   Code   RO          569    .text               c_w.l(ftell.o)
    0x00001996   0x00001996   0x00000032   Code   RO          580    .text               c_w.l(defsig_general.o)
    0x000019c8   0x000019c8   0x0000000e   Code   RO          582    .text               c_w.l(defsig_rtmem_outer.o)
    0x000019d6   0x000019d6   0x0000000e   Code   RO          597    .text               c_w.l(sys_wrch.o)
    0x000019e4   0x000019e4   0x00000008   Code   RO          604    .text               c_w.l(rt_errno_addr_intlibspace.o)
    0x000019ec   0x000019ec   0x00000050   Code   RO          610    .text               c_w.l(defsig_rtmem_inner.o)
    0x00001a3c   0x00001a3c   0x00000080   Code   RO            1    i.Consume           w02s04d.o
    0x00001abc   0x00001abc   0x0000001c   Code   RO           39    i.ITM_ReceiveChar   retarget_io.o
    0x00001ad8   0x00001ad8   0x00000024   Code   RO           40    i.ITM_SendChar      retarget_io.o
    0x00001afc   0x00001afc   0x000000c0   Code   RO            2    i.Produce           w02s04d.o
    0x00001bbc   0x00001bbc   0x00000078   Code   RO            3    i.Show              w02s04d.o
    0x00001c34   0x00001c34   0x00000020   Code   RO          138    i.SystemInit        system_armcm3.o
    0x00001c54   0x00001c54   0x00000018   Code   RO           41    i._sys_close        retarget_io.o
    0x00001c6c   0x00001c6c   0x0000000c   Code   RO           42    i._sys_flen         retarget_io.o
    0x00001c78   0x00001c78   0x00000018   Code   RO           43    i._sys_istty        retarget_io.o
    0x00001c90   0x00001c90   0x0000005c   Code   RO           44    i._sys_open         retarget_io.o
    0x00001cec   0x00001cec   0x0000002a   Code   RO           45    i._sys_read         retarget_io.o
    0x00001d16   0x00001d16   0x00000006   Code   RO           46    i._sys_seek         retarget_io.o
    0x00001d1c   0x00001d1c   0x0000002e   Code   RO           47    i._sys_write        retarget_io.o
    0x00001d4a   0x00001d4a   0x00000018   Code   RO          279    i.fgetc             c_w.l(fgetc.o)
    0x00001d62   0x00001d62   0x0000001a   Code   RO          283    i.fputc             c_w.l(fputc.o)
    0x00001d7c   0x00001d7c   0x00000184   Code   RO            4    i.main              w02s04d.o
    0x00001f00   0x00001f00   0x0000002c   Code   RO          576    locale$$code        c_w.l(lc_ctype_c.o)
    0x00001f2c   0x00001f2c   0x00000007   Data   RO           48    .constdata          retarget_io.o
    0x00001f33   0x00001f33   0x00000008   Data   RO           49    .constdata          retarget_io.o
    0x00001f3b   0x00001f3b   0x00000008   Data   RO           50    .constdata          retarget_io.o
    0x00001f43   0x00001f43   0x00000001   PAD
    0x00001f44   0x00001f44   0x0000004c   Data   RO            5    .conststring        w02s04d.o
    0x00001f90   0x00001f90   0x00000020   Data   RO          635    Region$$Table       anon$$obj.o
    0x00001fb0   0x00001fb0   0x00000110   Data   RO          575    locale$$data        c_w.l(lc_ctype_c.o)


    Execution Region ER_RW (Exec base: 0x20000000, Load base: 0x000020c0, Size: 0x00000018, Max: 0xffffffff, ABSOLUTE)

    Exec Addr    Load Addr    Size         Type   Attr      Idx    E Section Name        Object

    0x20000000   0x000020c0   0x00000004   Data   RW            6    .data               w02s04d.o
    0x20000004   0x000020c4   0x00000004   Data   RW           51    .data               retarget_io.o
    0x20000008   0x000020c8   0x00000004   Data   RW          139    .data               system_armcm3.o
    0x2000000c   0x000020cc   0x00000004   Data   RW          247    .data               c_w.l(stdio_streams.o)
    0x20000010   0x000020d0   0x00000004   Data   RW          248    .data               c_w.l(stdio_streams.o)
    0x20000014   0x000020d4   0x00000004   Data   RW          249    .data               c_w.l(stdio_streams.o)


    Execution Region ER_ZI (Exec base: 0x20000018, Load base: 0x000020d8, Size: 0x00001160, Max: 0xffffffff, ABSOLUTE)

    Exec Addr    Load Addr    Size         Type   Attr      Idx    E Section Name        Object

    0x20000018        -       0x00000054   Zero   RW          244    .bss                c_w.l(stdio_streams.o)
    0x2000006c        -       0x00000054   Zero   RW          245    .bss                c_w.l(stdio_streams.o)
    0x200000c0        -       0x00000054   Zero   RW          246    .bss                c_w.l(stdio_streams.o)
    0x20000114        -       0x00000060   Zero   RW          461    .bss                c_w.l(libspace.o)
    0x20000174   0x000020d8   0x00000004   PAD
    0x20000178        -       0x00000c00   Zero   RW          127    HEAP                startup_armcm3.o
    0x20000d78        -       0x00000400   Zero   RW          126    STACK               startup_armcm3.o


==============================================================================

Image component sizes


      Code (inc. data)   RO Data    RW Data    ZI Data      Debug   Object Name

       310         36         23          4          0      10714   retarget_io.o
        56         10        960          0       4096       1192   startup_armcm3.o
        32         18          0          4          0        643   system_armcm3.o
       828        478         76          4          0       4566   w02s04d.o

    ----------------------------------------------------------------------
      1226        542       1092         12       4096      17115   Object Totals
         0          0         32          0          0          0   (incl. Generated)
         0          0          1          0          0          0   (incl. Padding)

    ----------------------------------------------------------------------

      Code (inc. data)   RO Data    RW Data    ZI Data      Debug   Library Member Name

        32          6          0          0          0         84   __0scanf.o
         8          0          0          0          0         68   __main.o
       184          0          0          0          0         84   __printf_ss.o
         0          0          0          0          0          0   __rtentry.o
        12          0          0          0          0          0   __rtentry2.o
         8          4          0          0          0          0   __rtentry5.o
        52          8          0          0          0          0   __scatter.o
        26          0          0          0          0          0   __scatter_copy.o
        28          0          0          0          0          0   __scatter_zi.o
        28          0          0          0          0         68   _chval.o
        48          6          0          0          0         96   _printf_char_common.o
        36          4          0          0          0         80   _printf_char_file.o
       120         16          0          0          0         92   _printf_dec.o
       178          0          0          0          0         88   _printf_intcommon.o
         0          0          0          0          0          0   _printf_percent.o
         4          0          0          0          0          0   _printf_percent_end.o
        36          0          0          0          0         84   _printf_truncate.o
         6          0          0          0          0          0   _printf_u.o
       884          6          0          0          0        100   _scanf.o
       332          0          0          0          0         96   _scanf_int.o
        72          0          0          0          0         92   backspace.o
        10          0          0          0          0         68   defsig_exit.o
        50          0          0          0          0         88   defsig_general.o
        80         58          0          0          0         76   defsig_rtmem_inner.o
        14          0          0          0          0         80   defsig_rtmem_outer.o
        52         38          0          0          0         76   defsig_rtred_inner.o
        14          0          0          0          0         80   defsig_rtred_outer.o
        18          0          0          0          0         80   exit.o
        76          0          0          0          0         88   fclose.o
         8          0          0          0          0         68   ferror.o
       100          4          0          0          0        120   fflush.o
        24          0          0          0          0         68   fgetc.o
       570          0          0          0          0        132   filbuf.o
       470          0          0          0          0         88   flsbuf.o
        56          6          0          0          0         80   flushlinebuffered.o
       236          4          0          0          0        128   fopen.o
        26          0          0          0          0         68   fputc.o
       248          6          0          0          0         84   fseek.o
        66          0          0          0          0         76   ftell.o
        94          0          0          0          0         80   h1_alloc.o
        52          0          0          0          0         68   h1_extend.o
        78          0          0          0          0         80   h1_free.o
        14          0          0          0          0         84   h1_init.o
         6          0          0          0          0        152   heapauxi.o
         4          0          0          0          0        136   hguard.o
         0          0          0          0          0          0   indicate_semi.o
       138          0          0          0          0        168   init_alloc.o
       312         46          0          0          0        112   initio.o
        18          0          0          0          0         76   isspace.o
        44         10        272          0          0         76   lc_ctype_c.o
         2          0          0          0          0          0   libinit.o
        24          0          0          0          0          0   libinit2.o
        16          8          0          0          0          0   libinit3.o
         2          0          0          0          0          0   libshutdown.o
         6          0          0          0          0          0   libshutdown2.o
         0          0          0          0         96          0   libspace.o
         0          0          0          0          0          0   maybetermalloc1.o
        24          4          0          0          0         84   noretval__2printf.o
        16          4          0          0          0         76   rt_ctype_table.o
         8          4          0          0          0         68   rt_errno_addr_intlibspace.o
         8          4          0          0          0         68   rt_heap_descriptor_intlibspace.o
         8          4          0          0          0         68   rt_locale_intlibspace.o
        78          0          0          0          0         80   rt_memclr_w.o
         2          0          0          0          0          0   rtexit.o
        10          0          0          0          0          0   rtexit2.o
        44          8          0          0          0         84   scanf_char.o
        24          8          0          0          0         68   scanf_char_file.o
        70          0          0          0          0         80   setvbuf.o
       240          6          0          0          0        156   stdio.o
         0          0          0         12        252          0   stdio_streams.o
       128          0          0          0          0         68   strcmpv7m.o
        12          4          0          0          0         68   sys_exit.o
        14          0          0          0          0         76   sys_wrch.o
        72         12          0          0          0         68   ungetc.o
         2          0          0          0          0         68   use_no_semi.o

    ----------------------------------------------------------------------
      5794        288        272         12        352       4792   Library Totals
        12          0          0          0          4          0   (incl. Padding)

    ----------------------------------------------------------------------

      Code (inc. data)   RO Data    RW Data    ZI Data      Debug   Library Name

      5782        288        272         12        348       4792   c_w.l

    ----------------------------------------------------------------------
      5794        288        272         12        352       4792   Library Totals

    ----------------------------------------------------------------------

==============================================================================


      Code (inc. data)   RO Data    RW Data    ZI Data      Debug   

      7020        830       1364         24       4448      18679   Grand Totals
      7020        830       1364         24       4448      18679   ELF Image Totals
      7020        830       1364         24          0          0   ROM Totals

==============================================================================

    Total RO  Size (Code + RO Data)                 8384 (   8.19kB)
    Total RW  Size (RW Data + ZI Data)              4472 (   4.37kB)
    Total ROM Size (Code + RO Data + RW Data)       8408 (   8.21kB)

==============================================================================

